// Jest Snapshot v1, https://goo.gl/fbAQLP

exports[`renders Button 1`] = `
<div
  className="sc-AxjAm kmUfgt"
/>
`;
