// Jest Snapshot v1, https://goo.gl/fbAQLP

exports[`renders Button 1`] = `
<button
  className="sc-AxjAm gYogjw"
  onClick={[Function]}
/>
`;
